// Jest Snapshot v1, https://goo.gl/fbAQLP

exports[`<TrackDetailsComponent /> should render and match the snapshot 1`] = `
<body>
  <div>
    <div
      class="TrackDetailsComponent__TrackDetailsCard-sc-1q5q059-7 ijfgSK"
      data-testid="track-details-component"
    >
      <p
        class="T__StyledText-gjlic1-0 iVJYgn"
        data-testid="image_unavailable"
      >
        Image Unavailable
      </p>
      <div
        class="TrackDetailsComponent__Details-sc-1q5q059-0 ecyiHy"
      >
        <div
          class="TrackDetailsComponent__TrackTitle-sc-1q5q059-2 aNhbq"
        >
          <p
            class="T__StyledText-gjlic1-0 iVJYgn"
            data-testid="no-track-name"
          >
            No track name available
          </p>
        </div>
        <div
          class="TrackDetailsComponent__ArtistName-sc-1q5q059-3 jtjBVl"
        >
          <p
            class="T__StyledText-gjlic1-0 iVJYgn"
            data-testid="t"
          >
            No artist data available
          </p>
        </div>
        <p
          class="T__StyledText-gjlic1-0 iVJYgn"
          data-testid="artist_data_unavailable"
        >
          No artist data available
        </p>
        <p
          class="T__StyledText-gjlic1-0 iVJYgn"
          data-testid="t"
        >
          No artist data available
        </p>
        <p
          class="T__StyledText-gjlic1-0 iVJYgn"
          data-testid="t"
        >
          No preview available
        </p>
        <p
          class="T__StyledText-gjlic1-0 iVJYgn"
          data-testid="t"
        >
          No artist data available
        </p>
      </div>
    </div>
  </div>
</body>
`;
