// Jest Snapshot v1, https://goo.gl/fbAQLP

exports[`<UploadTrack /> should render and match the snapshot 1`] = `
<body>
  <div>
    <form
      autocomplete="on"
      class="ant-form ant-form-horizontal"
      id="basic"
    >
      <div
        class="ant-row ant-form-item UploadTrackImage__StyledFormItem-krfdq7-0 dgYrEo"
      >
        <div
          class="ant-col ant-col-8 ant-form-item-label"
        >
          <label
            class="ant-form-item-required"
            for="basic_artWorkUrl100"
            title=""
          >
            <p
              class="T__StyledText-gjlic1-0 iVJYgn"
              data-testid="t"
            >
              Please input artwork
            </p>
          </label>
        </div>
        <div
          class="ant-col ant-col-16 ant-form-item-control"
        >
          <div
            class="ant-form-item-control-input"
          >
            <div
              class="ant-form-item-control-input-content"
            >
              <span
                class=""
              >
                <div
                  class="ant-upload ant-upload-select ant-upload-select-text"
                >
                  <span
                    class="ant-upload"
                    role="button"
                    tabindex="0"
                  >
                    <input
                      accept=""
                      id="basic_artWorkUrl100"
                      style="display: none;"
                      type="file"
                    />
                    <button
                      class="ant-btn"
                      data-testid="upload"
                      id="upload"
                      type="button"
                    >
                      <span
                        aria-label="upload"
                        class="anticon anticon-upload"
                        role="img"
                      >
                        <svg
                          aria-hidden="true"
                          data-icon="upload"
                          fill="currentColor"
                          focusable="false"
                          height="1em"
                          viewBox="64 64 896 896"
                          width="1em"
                        >
                          <path
                            d="M400 317.7h73.9V656c0 4.4 3.6 8 8 8h60c4.4 0 8-3.6 8-8V317.7H624c6.7 0 10.4-7.7 6.3-12.9L518.3 163a8 8 0 00-12.6 0l-112 141.7c-4.1 5.3-.4 13 6.3 13zM878 626h-60c-4.4 0-8 3.6-8 8v154H214V634c0-4.4-3.6-8-8-8h-60c-4.4 0-8 3.6-8 8v198c0 17.7 14.3 32 32 32h684c17.7 0 32-14.3 32-32V634c0-4.4-3.6-8-8-8z"
                          />
                        </svg>
                      </span>
                      <p
                        class="T__StyledText-gjlic1-0 iVJYgn"
                        data-testid="t"
                      >
                        Click to upload
                      </p>
                    </button>
                  </span>
                </div>
                <div
                  class="ant-upload-list ant-upload-list-text"
                />
              </span>
            </div>
          </div>
        </div>
      </div>
      <div
        class="ant-row ant-form-item UploadTrackImage__StyledFormItem-krfdq7-0 dgYrEo"
      >
        <div
          class="ant-col ant-col-16 ant-col-offset-8 ant-form-item-control"
        >
          <div
            class="ant-form-item-control-input"
          >
            <div
              class="ant-form-item-control-input-content"
            >
              <button
                class="ant-btn ant-btn-primary"
                data-testid="submit"
                type="submit"
              >
                <p
                  class="T__StyledText-gjlic1-0 iVJYgn"
                  data-testid="t"
                >
                  Submit
                </p>
              </button>
            </div>
          </div>
        </div>
      </div>
    </form>
  </div>
</body>
`;
